===== sync started Fri 08/28/2026 12:32:09.75 =====
Repo: F:\Projects\skill-stack

[2/3] Validating...
  using: py
validated 46 skills
  universal: 21 | machine: 25
PASS
  PASS

[3/3] Refreshing marketplace...
Updating marketplace: skill-stack...Validating local marketplace
√ Successfully updated marketplace: skill-stack
  ok

RESULT: all good.
===== sync ended Fri 08/28/2026 12:32:10.30 =====
Already up to date.
  ok

[2/3] Validating...
  using: py
validated 46 skills
  universal: 21 | machine: 25
PASS
  PASS

[3/3] Refreshing marketplace...
Updating marketplace: skill-stack...Validating local marketplace
√ Successfully updated marketplace: skill-stack
  ok

RESULT: all good.
===== sync ended Fri 08/28/2026 12:32:17.93 =====
